20:38:35 **** Incremental Build of configuration Debug for project HomeAutomation_Main ****
make -j16 all 
arm-none-eabi-gcc "../Core/Src/main.c" -mcpu=cortex-m4 -std=gnu11 -g3 -DDEBUG -DUSE_HAL_DRIVER -DSTM32F401xE -c -I../Core/Inc -I../Drivers/STM32F4xx_HAL_Driver/Inc -I../Drivers/STM32F4xx_HAL_Driver/Inc/Legacy -I../Drivers/CMSIS/Device/ST/STM32F4xx/Include -I../Drivers/CMSIS/Include -I../Middlewares/Third_Party/FreeRTOS/Source/include -I../Middlewares/Third_Party/FreeRTOS/Source/CMSIS_RTOS_V2 -I../Middlewares/Third_Party/FreeRTOS/Source/portable/GCC/ARM_CM4F -O0 -ffunction-sections -fdata-sections -Wall -fstack-usage -MMD -MP -MF"Core/Src/main.d" -MT"Core/Src/main.o" --specs=nano.specs -mfpu=fpv4-sp-d16 -mfloat-abi=hard -mthumb -o "Core/Src/main.o"
arm-none-eabi-gcc -o "HomeAutomation_Main.elf" @"objects.list"   -mcpu=cortex-m4 -T"E:\Projects\RTOS\learn\HomeAutomation_Main\STM32F401RETX_FLASH.ld" --specs=nosys.specs -Wl,-Map="HomeAutomation_Main.map" -Wl,--gc-sections -static --specs=nano.specs -mfpu=fpv4-sp-d16 -mfloat-abi=hard -mthumb -Wl,--start-group -lc -lm -Wl,--end-group
Finished building target: HomeAutomation_Main.elf
 
arm-none-eabi-size   HomeAutomation_Main.elf 
arm-none-eabi-objdump -h -S  HomeAutomation_Main.elf  > "HomeAutomation_Main.list"
   text	   data	    bss	    dec	    hex	filename
  27260	    124	  20556	  47940	   bb44	HomeAutomation_Main.elf
Finished building: default.size.stdout
 
Finished building: HomeAutomation_Main.list
 
20:38:44 **** Incremental Build of configuration Debug for project HomeAutomation_Main ****
make -j16 all 
arm-none-eabi-size   HomeAutomation_Main.elf 
   text	   data	    bss	    dec	    hex	filename
  27260	    124	  20556	  47940	   bb44	HomeAutomation_Main.elf
Finished building: default.size.stdout
 
